// Jest Snapshot v1, https://goo.gl/fbAQLP

exports[`ManageAttachmentsContainer match snapshot 1`] = `
<ModuleProvider>
  <Provider
    context={
      Object {
        "$$typeof": Symbol(react.context),
        "Consumer": Object {
          "$$typeof": Symbol(react.context),
          "_calculateChangedBits": null,
          "_context": [Circular],
        },
        "Provider": Object {
          "$$typeof": Symbol(react.provider),
          "_context": [Circular],
        },
        "_calculateChangedBits": null,
        "_currentRenderer": Object {},
        "_currentRenderer2": null,
        "_currentValue": null,
        "_currentValue2": null,
        "_threadCount": 0,
      }
    }
    store={
      Object {
        "dispatch": [Function],
        "getState": [Function],
        "replaceReducer": [Function],
        "subscribe": [Function],
        Symbol(observable): [Function],
      }
    }
  >
    <Connect(ConnectedRouterWithContext)
      context={
        Object {
          "$$typeof": Symbol(react.context),
          "Consumer": Object {
            "$$typeof": Symbol(react.context),
            "_calculateChangedBits": null,
            "_context": [Circular],
          },
          "Provider": Object {
            "$$typeof": Symbol(react.provider),
            "_context": [Circular],
          },
          "_calculateChangedBits": null,
          "_currentRenderer": Object {},
          "_currentRenderer2": null,
          "_currentValue": null,
          "_currentValue2": null,
          "_threadCount": 0,
        }
      }
      history={
        Object {
          "action": "POP",
          "block": [Function],
          "createHref": [Function],
          "go": [Function],
          "goBack": [Function],
          "goForward": [Function],
          "length": 1,
          "listen": [Function],
          "location": Object {
            "hash": "",
            "pathname": "/",
            "search": "",
            "state": undefined,
          },
          "push": [Function],
          "replace": [Function],
        }
      }
    >
      <ConnectedRouterWithContext
        context={
          Object {
            "$$typeof": Symbol(react.context),
            "Consumer": Object {
              "$$typeof": Symbol(react.context),
              "_calculateChangedBits": null,
              "_context": [Circular],
            },
            "Provider": Object {
              "$$typeof": Symbol(react.provider),
              "_context": [Circular],
            },
            "_calculateChangedBits": null,
            "_currentRenderer": Object {},
            "_currentRenderer2": null,
            "_currentValue": null,
            "_currentValue2": null,
            "_threadCount": 0,
          }
        }
        history={
          Object {
            "action": "POP",
            "block": [Function],
            "createHref": [Function],
            "go": [Function],
            "goBack": [Function],
            "goForward": [Function],
            "length": 1,
            "listen": [Function],
            "location": Object {
              "hash": "",
              "pathname": "/",
              "search": "",
              "state": undefined,
            },
            "push": [Function],
            "replace": [Function],
          }
        }
        onLocationChanged={[Function]}
      >
        <ConnectedRouter
          context={
            Object {
              "$$typeof": Symbol(react.context),
              "Consumer": Object {
                "$$typeof": Symbol(react.context),
                "_calculateChangedBits": null,
                "_context": [Circular],
              },
              "Provider": Object {
                "$$typeof": Symbol(react.provider),
                "_context": [Circular],
              },
              "_calculateChangedBits": null,
              "_currentRenderer": Object {},
              "_currentRenderer2": null,
              "_currentValue": null,
              "_currentValue2": null,
              "_threadCount": 0,
            }
          }
          history={
            Object {
              "action": "POP",
              "block": [Function],
              "createHref": [Function],
              "go": [Function],
              "goBack": [Function],
              "goForward": [Function],
              "length": 1,
              "listen": [Function],
              "location": Object {
                "hash": "",
                "pathname": "/",
                "search": "",
                "state": undefined,
              },
              "push": [Function],
              "replace": [Function],
            }
          }
          onLocationChanged={[Function]}
          store={
            Object {
              "dispatch": [Function],
              "getState": [Function],
              "replaceReducer": [Function],
              "subscribe": [Function],
              Symbol(observable): [Function],
            }
          }
        >
          <Router
            history={
              Object {
                "action": "POP",
                "block": [Function],
                "createHref": [Function],
                "go": [Function],
                "goBack": [Function],
                "goForward": [Function],
                "length": 1,
                "listen": [Function],
                "location": Object {
                  "hash": "",
                  "pathname": "/",
                  "search": "",
                  "state": undefined,
                },
                "push": [Function],
                "replace": [Function],
              }
            }
          >
            <ManageAttachmentsContainer
              accessRequestId="00000000-0000-0000-0000-000000000000"
            >
              <ForwardRef(WithStyles)>
                <ForwardRef(List)
                  classes={
                    Object {
                      "dense": "MuiList-dense",
                      "padding": "MuiList-padding",
                      "root": "MuiList-root",
                      "subheader": "MuiList-subheader",
                    }
                  }
                >
                  <ul
                    className="MuiList-root MuiList-padding"
                  />
                </ForwardRef(List)>
              </ForwardRef(WithStyles)>
            </ManageAttachmentsContainer>
          </Router>
        </ConnectedRouter>
      </ConnectedRouterWithContext>
    </Connect(ConnectedRouterWithContext)>
  </Provider>
</ModuleProvider>
`;
